---
source: transpiler/tests/golden_tests.rs
expression: "serde_json::json!({\n    \"ranges\": result.ranges, \"injections\": result.injections,\n})"
input_file: transpiler/tests/attributes/mixed.hyper
---
injections:
  - end: 7
    prefix: def Mixed(
    start: 0
    suffix: ""
    type: python
  - end: 18
    prefix: ", "
    start: 8
    suffix: ""
    type: python
  - end: 34
    prefix: ", "
    start: 19
    suffix: ""
    type: python
  - end: 45
    prefix: ", "
    start: 35
    suffix: ") -> str:\n    _parts = []\n    _parts.append(\"\"\"<div class=\"card {theme}\" id=\"card-{id}\">Content</div><div class=\"{theme} {'active' if is_active else 'inactive'} size-{count}\">Content</div><div class=\"base {'special' if is_active else 'normal'}\">Content</div><div data-id=\"{id}\" data-count=\"{count}\" data-active=\"{is_active}\">Content</div><div aria-label=\"Item {id}\" aria-hidden=\"{not is_active}\">Content</div><button @click=\"handleClick({id})\">Click</button><button x-on:click=\"toggle()\">Toggle</button>\"\"\")\n    return \"\".join(_parts)\n"
    type: python
ranges:
  - compiled_end: 17
    compiled_start: 10
    range_type: Python
    source_end: 7
    source_start: 0
  - compiled_end: 29
    compiled_start: 19
    range_type: Python
    source_end: 18
    source_start: 8
  - compiled_end: 46
    compiled_start: 31
    range_type: Python
    source_end: 34
    source_start: 19
  - compiled_end: 58
    compiled_start: 48
    range_type: Python
    source_end: 45
    source_start: 35
