---
source: transpiler/tests/golden_tests.rs
expression: "serde_json::json!({\n    \"ranges\": result.ranges, \"injections\": result.injections,\n})"
input_file: transpiler/tests/attributes/edge_cases.hyper
---
injections:
  - end: 10
    prefix: def EdgeCases(
    start: 0
    suffix: ") -> str:\n    _parts = []\n    _parts.append(\"\"\"<input value=\"\" /><div class=\"\">Empty class</div><div class=\"one two three four\">Multiple classes</div><div data-value=\"a&lt;b\">Encoded</div><svg xmlns=\"http://www.w3.org/2000/svg\" xmlns:xlink=\"http://www.w3.org/1999/xlink\"><use xlink:href=\"#icon\" /></svg><input type=\"checkbox\" checked /><input type=\"checkbox\" disabled /><button disabled>Disabled</button><div data-config=\"this is a very long attribute value that goes on and on and contains lots of text to test how the transpiler handles long attribute values in the output\">Long</div><div title=\"{value} said 'hello'\">Quotes</div><div data-msg=\"{value} said \"hi\"\">Double quotes</div><div class=\"single-quoted\">Single</div><div class=\"double-quoted\">Double</div>\"\"\")\n    return \"\".join(_parts)\n"
    type: python
ranges:
  - compiled_end: 24
    compiled_start: 14
    range_type: Python
    source_end: 10
    source_start: 0
