---
source: transpiler/tests/golden_tests.rs
expression: "serde_json::json!({\n    \"ranges\": result.ranges, \"injections\": result.injections,\n})"
input_file: transpiler/tests/basic/whitespace.hyper
---
injections:
  - end: 9
    prefix: def Whitespace(
    start: 0
    suffix: ") -> str:\n    _parts = []\n    _parts.append(\"\"\"<div>After blank lines</div><span>Between blank lines</span><p>More content</p>\"\"\")\n    return \"\".join(_parts)\n"
    type: python
ranges:
  - compiled_end: 24
    compiled_start: 15
    range_type: Python
    source_end: 9
    source_start: 0
