---
source: transpiler/tests/golden_tests.rs
expression: "serde_json::json!({\n    \"ranges\": result.ranges, \"injections\": result.injections,\n})"
input_file: transpiler/tests/edge_cases/classes.hyper
---
injections:
  - end: 204
    prefix: "from hyper import escape, replace_markers\n\ndef Classes(title: str, items: list) -> str:\n    _parts = []\n    class Card:\n        def __init__(self, title: str):\n            self.title = title\n        def render(self):\n            _parts.append(f\"\"\"<div class=\"card\"><h3>‹ESCAPE:{"
    start: 194
    suffix: ""
    type: python
  - end: 409
    prefix: "}›</h3></div>\"\"\")\n    class List:\n        def __init__(self, items: list):\n            self.items = items\n        def render_item(self, item: str):\n            _parts.append(f\"\"\"<li>‹ESCAPE:{"
    start: 405
    suffix: "}›</li>\"\"\")\n        def render(self):\n            _parts.append(\"<ul>\")\n            for item in self.items:\n                self.render_item(item)\n            _parts.append(\"</ul>\")\n    card = Card(title)\n    card.render()\n    return replace_markers(\"\".join(_parts))\n"
    type: python
ranges:
  - compiled_end: 65
    compiled_start: 55
    range_type: Python
    source_end: 10
    source_start: 0
  - compiled_end: 78
    compiled_start: 67
    range_type: Python
    source_end: 22
    source_start: 11
  - compiled_end: 288
    compiled_start: 278
    range_type: Python
    source_end: 204
    source_start: 194
  - compiled_end: 483
    compiled_start: 479
    range_type: Python
    source_end: 409
    source_start: 405
