---
source: transpiler/tests/golden_tests.rs
expression: "serde_json::json!({\n    \"ranges\": result.ranges, \"injections\": result.injections,\n})"
input_file: transpiler/tests/edge_cases/escaped_braces.hyper
---
injections:
  - end: 189
    prefix: "from hyper import escape, replace_markers\n\ndef EscapedBraces(name: str) -> str:\n    _parts = []\n    _parts.append(f\"\"\"<p>Use {variable} for templates</p><p>JSON: {\"key\": \"value\"}</p><p>Static {braces} and dynamic ‹ESCAPE:{"
    start: 185
    suffix: "}›</p><style>.card { background: white; }.card:hover { transform: scale(1.05); }</style><script>const obj = { name: \"{name}\" };</script><div x-data=\"{{ open: false }}\"><button @click=\"open = !open\">Toggle</button></div><p>{{nested}}</p>\"\"\")\n    return replace_markers(\"\".join(_parts))\n"
    type: python
ranges:
  - compiled_end: 70
    compiled_start: 61
    range_type: Python
    source_end: 9
    source_start: 0
  - compiled_end: 226
    compiled_start: 222
    range_type: Python
    source_end: 189
    source_start: 185
