---
source: transpiler/tests/golden_tests.rs
expression: "serde_json::json!({\n    \"ranges\": result.ranges, \"injections\": result.injections,\n})"
input_file: transpiler/tests/expressions/multiline.hyper
---
injections:
  - end: 10
    prefix: "from hyper import escape, replace_markers\n\ndef Multiline("
    start: 0
    suffix: ""
    type: python
  - end: 22
    prefix: ", "
    start: 11
    suffix: ""
    type: python
  - end: 146
    prefix: ") -> str:\n    _parts = []\n    config = {\n    \"key1\": \"value1\",\n    \"key2\": \"value2\",\n    \"key3\": \"value3\"\n}\n    _parts.append(f\"\"\"<span>‹ESCAPE:{"
    start: 138
    suffix: ""
    type: python
  - end: 245
    prefix: "}›</span>\"\"\")\n    values = [\n    \"item1\",\n    \"item2\",\n    \"item3\"\n]\n    _parts.append(f\"\"\"<span>‹ESCAPE:{"
    start: 237
    suffix: ""
    type: python
  - end: 376
    prefix: "}›</span>\"\"\")\n    result = some_function(\n    arg1=\"value1\",\n    arg2=\"value2\",\n    arg3=\"value3\"\n)\n    _parts.append(f\"\"\"<span>‹ESCAPE:{"
    start: 368
    suffix: ""
    type: python
  - end: 497
    prefix: "}›</span>\"\"\")\n    squares = [\n    x ** 2\n    for x in range(10)\n    if x % 2 == 0\n]\n    _parts.append(f\"\"\"<span>‹ESCAPE:{"
    start: 488
    suffix: ""
    type: python
  - end: 619
    prefix: "}›</span>\"\"\")\n    processed = (data\n    .get('items', [])\n    .copy()\n)\n    _parts.append(f\"\"\"<span>‹ESCAPE:{"
    start: 608
    suffix: "}›</span>\"\"\")\n    return replace_markers(\"\".join(_parts))\n"
    type: python
ranges:
  - compiled_end: 67
    compiled_start: 57
    range_type: Python
    source_end: 10
    source_start: 0
  - compiled_end: 80
    compiled_start: 69
    range_type: Python
    source_end: 22
    source_start: 11
  - compiled_end: 231
    compiled_start: 225
    range_type: Python
    source_end: 146
    source_start: 138
  - compiled_end: 343
    compiled_start: 337
    range_type: Python
    source_end: 245
    source_start: 237
  - compiled_end: 486
    compiled_start: 480
    range_type: Python
    source_end: 376
    source_start: 368
  - compiled_end: 614
    compiled_start: 607
    range_type: Python
    source_end: 497
    source_start: 488
  - compiled_end: 732
    compiled_start: 723
    range_type: Python
    source_end: 619
    source_start: 608
