---
source: transpiler/tests/golden_tests.rs
expression: "serde_json::json!({\n    \"ranges\": result.ranges, \"injections\": result.injections,\n})"
input_file: transpiler/tests/props/complex_types.hyper
---
injections:
  - end: 11
    prefix: "from hyper import escape, replace_markers\n\ndef ComplexTypes("
    start: 0
    suffix: ""
    type: python
  - end: 41
    prefix: ", "
    start: 12
    suffix: ""
    type: python
  - end: 69
    prefix: ", "
    start: 42
    suffix: ""
    type: python
  - end: 86
    prefix: ", "
    start: 70
    suffix: ""
    type: python
  - end: 110
    prefix: ", "
    start: 87
    suffix: ""
    type: python
  - end: 139
    prefix: ", "
    start: 111
    suffix: ""
    type: python
  - end: 170
    prefix: ", "
    start: 140
    suffix: ""
    type: python
  - end: 183
    prefix: ", "
    start: 171
    suffix: ""
    type: python
  - end: 198
    prefix: ", "
    start: 184
    suffix: ""
    type: python
  - end: 229
    prefix: ") -> str:\n    _parts = []\n    _parts.append(f\"\"\"<div><span>‹ESCAPE:{"
    start: 221
    suffix: ""
    type: python
  - end: 261
    prefix: "}›</span><span>‹ESCAPE:{"
    start: 247
    suffix: ""
    type: python
  - end: 299
    prefix: "}›</span><span>‹ESCAPE:{"
    start: 279
    suffix: ""
    type: python
  - end: 329
    prefix: "}›</span><span>‹ESCAPE:{"
    start: 317
    suffix: ""
    type: python
  - end: 361
    prefix: "}›</span><span>‹ESCAPE:{"
    start: 347
    suffix: "}›</span></div>\"\"\")\n    return replace_markers(\"\".join(_parts))\n"
    type: python
ranges:
  - compiled_end: 71
    compiled_start: 60
    range_type: Python
    source_end: 11
    source_start: 0
  - compiled_end: 102
    compiled_start: 73
    range_type: Python
    source_end: 41
    source_start: 12
  - compiled_end: 131
    compiled_start: 104
    range_type: Python
    source_end: 69
    source_start: 42
  - compiled_end: 149
    compiled_start: 133
    range_type: Python
    source_end: 86
    source_start: 70
  - compiled_end: 174
    compiled_start: 151
    range_type: Python
    source_end: 110
    source_start: 87
  - compiled_end: 204
    compiled_start: 176
    range_type: Python
    source_end: 139
    source_start: 111
  - compiled_end: 236
    compiled_start: 206
    range_type: Python
    source_end: 170
    source_start: 140
  - compiled_end: 250
    compiled_start: 238
    range_type: Python
    source_end: 183
    source_start: 171
  - compiled_end: 266
    compiled_start: 252
    range_type: Python
    source_end: 198
    source_start: 184
  - compiled_end: 340
    compiled_start: 334
    range_type: Python
    source_end: 229
    source_start: 221
  - compiled_end: 376
    compiled_start: 364
    range_type: Python
    source_end: 261
    source_start: 247
  - compiled_end: 418
    compiled_start: 400
    range_type: Python
    source_end: 299
    source_start: 279
  - compiled_end: 452
    compiled_start: 442
    range_type: Python
    source_end: 329
    source_start: 317
  - compiled_end: 488
    compiled_start: 476
    range_type: Python
    source_end: 361
    source_start: 347
